---
source: atuin/src/command/client/search/engines/db.rs
expression: "engines::test::postgres(Search(SearchMode::Prefix)).await"
---
[]
